#-----------------------------------------------------------
# Vivado v2017.4 (64-bit)
# SW Build 2086221 on Fri Dec 15 20:55:39 MST 2017
# IP Build 2085800 on Fri Dec 15 22:25:07 MST 2017
# Start of session at: Sun Mar 11 19:33:54 2018
# Process ID: 9148
# Current directory: C:/Users/theal/Documents/SCHOOL/CMPE 125 Lab/GitLabs/lab5
# Command line: vivado.exe -gui_launcher_event rodinguilauncherevent10616 C:\Users\theal\Documents\SCHOOL\CMPE 125 Lab\GitLabs\lab5\Lab5.xpr
# Log file: C:/Users/theal/Documents/SCHOOL/CMPE 125 Lab/GitLabs/lab5/vivado.log
# Journal file: C:/Users/theal/Documents/SCHOOL/CMPE 125 Lab/GitLabs/lab5\vivado.jou
#-----------------------------------------------------------
start_gui
open_project {C:/Users/theal/Documents/SCHOOL/CMPE 125 Lab/GitLabs/lab5/Lab5.xpr}
update_compile_order -fileset sources_1
file mkdir C:/Users/theal/Documents/SCHOOL/CMPE 125 Lab/GitLabs/lab5/Lab5.srcs/sim_1/new
file mkdir C:/Users/theal/Documents/SCHOOL/CMPE 125 Lab/GitLabs/lab5/Lab5.srcs/sim_1/new
file mkdir C:/Users/theal/Documents/SCHOOL/CMPE 125 Lab/GitLabs/lab5/Lab5.srcs/sim_1/new
file mkdir C:/Users/theal/Documents/SCHOOL/CMPE 125 Lab/GitLabs/lab5/Lab5.srcs/sim_1/new
file mkdir C:/Users/theal/Documents/SCHOOL/CMPE 125 Lab/GitLabs/lab5/Lab5.srcs/sim_1/new
set_property SOURCE_SET sources_1 [get_filesets sim_1]
file mkdir C:/Users/theal/Documents/SCHOOL/CMPE 125 Lab/GitLabs/lab5/Lab5.srcs/sim_1/new
file mkdir {C:/Users/theal/Documents/SCHOOL/CMPE 125 Lab/GitLabs/lab5/Lab5.srcs/sim_1/new}
close [ open {C:/Users/theal/Documents/SCHOOL/CMPE 125 Lab/GitLabs/lab5/Lab5.srcs/sim_1/new/tb_multiplier.v} w ]
add_files -fileset sim_1 {{C:/Users/theal/Documents/SCHOOL/CMPE 125 Lab/GitLabs/lab5/Lab5.srcs/sim_1/new/tb_multiplier.v}}
update_compile_order -fileset sim_1
update_compile_order -fileset sim_1
